// Jest Snapshot v1, https://goo.gl/fbAQLP

exports[`Contact us should render correctly 1`] = `
<div
  className="contact"
  style={
    Object {
      "opacity": 0,
    }
  }
>
  <h1
    style={
      Object {
        "opacity": 0,
        "transform": "translateY(-90px) translateZ(0)",
      }
    }
  >
    Contact us
  </h1>
  <div
    className="container"
  >
    <div
      className="row"
    >
      <div
        className="contact_first_layer_col col"
      >
        <form
          onSubmit={[Function]}
          style={
            Object {
              "opacity": 0,
              "transform": "translateY(-90px) translateZ(0)",
            }
          }
        >
          <textarea
            cols="30"
            data-testid="contact_textarea"
            name="contact_textarea"
            required={true}
            rows="10"
          />
          <div
            className="row"
          >
            <div
              className="col"
            >
              <input
                placeholder="Your Name"
                required={true}
                type="text"
              />
            </div>
            <div
              className="col"
            >
              <input
                placeholder="Your Email"
                required={true}
                type="email"
              />
            </div>
          </div>
          <button
            type="submit"
          >
            Submit
          </button>
        </form>
      </div>
      <div
        className="contact_first_layer_col col"
      >
        <h2
          style={
            Object {
              "opacity": 0,
              "transform": "translateY(-90px) translateZ(0)",
            }
          }
        >
          Send us a message
        </h2>
        <p
          style={
            Object {
              "opacity": 0,
              "transform": "translateY(-90px) translateZ(0)",
            }
          }
        >
          Lorem ipsum dolor sit amet, comp uting of ore et dolore ma antemo enim. Quam quisq ue id diam.
        </p>
        <div
          style={
            Object {
              "opacity": 0,
              "transform": "translateY(-90px) translateZ(0)",
            }
          }
        >
          <div
            className="contactInfoRow"
          >
            <svg
              className="feather feather-mail "
              fill="none"
              height={24}
              stroke="currentColor"
              strokeLinecap="round"
              strokeLinejoin="round"
              strokeWidth="2"
              viewBox="0 0 24 24"
              width={24}
            >
              <g
                dangerouslySetInnerHTML={
                  Object {
                    "__html": "<path d=\\"M4 4h16c1.1 0 2 .9 2 2v12c0 1.1-.9 2-2 2H4c-1.1 0-2-.9-2-2V6c0-1.1.9-2 2-2z\\"></path><polyline points=\\"22,6 12,13 2,6\\"></polyline>",
                  }
                }
              />
            </svg>
            <p>
              woode@example.com
            </p>
          </div>
          <div
            className="contactInfoRow"
          >
            <svg
              className="feather feather-home "
              fill="none"
              height={24}
              stroke="currentColor"
              strokeLinecap="round"
              strokeLinejoin="round"
              strokeWidth="2"
              viewBox="0 0 24 24"
              width={24}
            >
              <g
                dangerouslySetInnerHTML={
                  Object {
                    "__html": "<path d=\\"M3 9l9-7 9 7v11a2 2 0 0 1-2 2H5a2 2 0 0 1-2-2z\\"></path><polyline points=\\"9 22 9 12 15 12 15 22\\"></polyline>",
                  }
                }
              />
            </svg>
            <p>
              MÃ¤ster Samuelsgatan 10A, Finland
            </p>
          </div>
          <div
            className="contactInfoRow"
          >
            <svg
              className="feather feather-headphones "
              fill="none"
              height={24}
              stroke="currentColor"
              strokeLinecap="round"
              strokeLinejoin="round"
              strokeWidth="2"
              viewBox="0 0 24 24"
              width={24}
            >
              <g
                dangerouslySetInnerHTML={
                  Object {
                    "__html": "<path d=\\"M3 18v-6a9 9 0 0 1 18 0v6\\"></path><path d=\\"M21 19a2 2 0 0 1-2 2h-1a2 2 0 0 1-2-2v-3a2 2 0 0 1 2-2h3zM3 19a2 2 0 0 0 2 2h1a2 2 0 0 0 2-2v-3a2 2 0 0 0-2-2H3z\\"></path>",
                  }
                }
              />
            </svg>
            <p>
              + 668 66 448 6452 99
            </p>
          </div>
        </div>
      </div>
    </div>
  </div>
</div>
`;
